Archive member included because of file (symbol)

c:/program files (x86)/atmel/avr tools/avr toolchain/bin/../lib/gcc/avr/4.5.1/avr5\libgcc.a(_udivmodhi4.o)
                              sdisk2.o (__udivmodhi4)
c:/program files (x86)/atmel/avr tools/avr toolchain/bin/../lib/gcc/avr/4.5.1/avr5\libgcc.a(_divmodhi4.o)
                              sdisk2.o (__divmodhi4)
c:/program files (x86)/atmel/avr tools/avr toolchain/bin/../lib/gcc/avr/4.5.1/avr5\libgcc.a(_exit.o)
                              c:/program files (x86)/atmel/avr tools/avr toolchain/bin/../lib/gcc/avr/4.5.1/../../../../avr/lib/avr5/crtm328p.o (exit)
c:/program files (x86)/atmel/avr tools/avr toolchain/bin/../lib/gcc/avr/4.5.1/avr5\libgcc.a(_copy_data.o)
                              sdisk2.o (__do_copy_data)
c:/program files (x86)/atmel/avr tools/avr toolchain/bin/../lib/gcc/avr/4.5.1/avr5\libgcc.a(_clear_bss.o)
                              sdisk2.o (__do_clear_bss)
c:/program files (x86)/atmel/avr tools/avr toolchain/bin/../lib/gcc/avr/4.5.1/../../../../avr/lib/avr5\libc.a(memcmp.o)
                              sdisk2.o (memcmp)

Allocating common symbols
Common symbol       size              file

sectors             0x5               sdisk2.o
sectorsPerCluster2  0x1               sdisk2.o
buffNum             0x1               sdisk2.o
tracks              0x5               sdisk2.o
formatting          0x1               sdisk2.o
writeData           0x6d6             sdisk2.o
dskDir              0x2               sdisk2.o
btfDir              0x2               sdisk2.o
bitbyte             0x2               sdisk2.o
sectorsPerFat       0x2               sdisk2.o
prevFatNumNic       0x1               sdisk2.o
sector              0x1               sdisk2.o
magState            0x1               sdisk2.o
userAddr            0x4               sdisk2.o
fatAddr             0x4               sdisk2.o
sectorsPerCluster   0x1               sdisk2.o
prevFatNumDsk       0x1               sdisk2.o
nicDir              0x2               sdisk2.o
bpbAddr             0x4               sdisk2.o
ph_track            0x1               sdisk2.o
prepare             0x1               sdisk2.o
rootAddr            0x4               sdisk2.o
writePtr            0x2               sdisk2.o
fatNic              0x46              sdisk2.o
protect             0x1               sdisk2.o
readPulse           0x1               sdisk2.o
inited              0x1               sdisk2.o

Memory Configuration

Name             Origin             Length             Attributes
text             0x00000000         0x00020000         xr
data             0x00800060         0x0000ffa0         rw !x
eeprom           0x00810000         0x00010000         rw !x
fuse             0x00820000         0x00000400         rw !x
lock             0x00830000         0x00000400         rw !x
signature        0x00840000         0x00000400         rw !x
*default*        0x00000000         0xffffffff

Linker script and memory map

Address of section .data set to 0x800100
LOAD c:/program files (x86)/atmel/avr tools/avr toolchain/bin/../lib/gcc/avr/4.5.1/../../../../avr/lib/avr5/crtm328p.o
LOAD sdisk2.o
LOAD sub.o
LOAD c:/program files (x86)/atmel/avr tools/avr toolchain/bin/../lib/gcc/avr/4.5.1/../../../../avr/lib/avr5\libm.a
LOAD c:/program files (x86)/atmel/avr tools/avr toolchain/bin/../lib/gcc/avr/4.5.1/avr5\libgcc.a
LOAD c:/program files (x86)/atmel/avr tools/avr toolchain/bin/../lib/gcc/avr/4.5.1/../../../../avr/lib/avr5\libc.a
LOAD c:/program files (x86)/atmel/avr tools/avr toolchain/bin/../lib/gcc/avr/4.5.1/avr5\libgcc.a

.hash
 *(.hash)

.dynsym
 *(.dynsym)

.dynstr
 *(.dynstr)

.gnu.version
 *(.gnu.version)

.gnu.version_d
 *(.gnu.version_d)

.gnu.version_r
 *(.gnu.version_r)

.rel.init
 *(.rel.init)

.rela.init
 *(.rela.init)

.rel.text
 *(.rel.text)
 *(.rel.text.*)
 *(.rel.gnu.linkonce.t*)

.rela.text
 *(.rela.text)
 *(.rela.text.*)
 *(.rela.gnu.linkonce.t*)

.rel.fini
 *(.rel.fini)

.rela.fini
 *(.rela.fini)

.rel.rodata
 *(.rel.rodata)
 *(.rel.rodata.*)
 *(.rel.gnu.linkonce.r*)

.rela.rodata
 *(.rela.rodata)
 *(.rela.rodata.*)
 *(.rela.gnu.linkonce.r*)

.rel.data
 *(.rel.data)
 *(.rel.data.*)
 *(.rel.gnu.linkonce.d*)

.rela.data
 *(.rela.data)
 *(.rela.data.*)
 *(.rela.gnu.linkonce.d*)

.rel.ctors
 *(.rel.ctors)

.rela.ctors
 *(.rela.ctors)

.rel.dtors
 *(.rel.dtors)

.rela.dtors
 *(.rela.dtors)

.rel.got
 *(.rel.got)

.rela.got
 *(.rela.got)

.rel.bss
 *(.rel.bss)

.rela.bss
 *(.rela.bss)

.rel.plt
 *(.rel.plt)

.rela.plt
 *(.rela.plt)

.text           0x00000000     0x2a36
 *(.vectors)
 .vectors       0x00000000       0x68 c:/program files (x86)/atmel/avr tools/avr toolchain/bin/../lib/gcc/avr/4.5.1/../../../../avr/lib/avr5/crtm328p.o
                0x00000000                __vector_default
                0x00000000                __vectors
 *(.vectors)
 *(.progmem.gcc*)
 *(.progmem*)
 .progmem.data  0x00000068       0xdc sdisk2.o
                0x00000068                stepper_table
                0x0000006c                encTable
                0x000000ac                physicalSector
                0x000000bc                FlipBit
                0x000000c0                FlipBit1
                0x000000c4                FlipBit2
                0x000000c8                FlipBit3
                0x000000cc                MSG1
                0x000000dd                MSG2
                0x000000ee                MSG3
                0x000000f7                MSG4
                0x00000100                MSG5
                0x00000111                MSG6
                0x00000122                MSG7
                0x00000133                MSG8
                0x00000144                . = ALIGN (0x2)
                0x00000144                __trampolines_start = .
 *(.trampolines)
 .trampolines   0x00000144        0x0 linker stubs
 *(.trampolines*)
                0x00000144                __trampolines_end = .
 *(.jumptables)
 *(.jumptables*)
 *(.lowtext)
 *(.lowtext*)
                0x00000144                __ctors_start = .
 *(.ctors)
                0x00000144                __ctors_end = .
                0x00000144                __dtors_start = .
 *(.dtors)
                0x00000144                __dtors_end = .
 SORT(*)(.ctors)
 SORT(*)(.dtors)
 *(.init0)
 .init0         0x00000144        0x0 c:/program files (x86)/atmel/avr tools/avr toolchain/bin/../lib/gcc/avr/4.5.1/../../../../avr/lib/avr5/crtm328p.o
                0x00000144                __init
 *(.init0)
 *(.init1)
 *(.init1)
 *(.init2)
 .init2         0x00000144        0xc c:/program files (x86)/atmel/avr tools/avr toolchain/bin/../lib/gcc/avr/4.5.1/../../../../avr/lib/avr5/crtm328p.o
 *(.init2)
 *(.init3)
 *(.init3)
 *(.init4)
 .init4         0x00000150       0x16 c:/program files (x86)/atmel/avr tools/avr toolchain/bin/../lib/gcc/avr/4.5.1/avr5\libgcc.a(_copy_data.o)
                0x00000150                __do_copy_data
 .init4         0x00000166       0x10 c:/program files (x86)/atmel/avr tools/avr toolchain/bin/../lib/gcc/avr/4.5.1/avr5\libgcc.a(_clear_bss.o)
                0x00000166                __do_clear_bss
 *(.init4)
 *(.init5)
 *(.init5)
 *(.init6)
 *(.init6)
 *(.init7)
 *(.init7)
 *(.init8)
 *(.init8)
 *(.init9)
 .init9         0x00000176        0x8 c:/program files (x86)/atmel/avr tools/avr toolchain/bin/../lib/gcc/avr/4.5.1/../../../../avr/lib/avr5/crtm328p.o
 *(.init9)
 *(.text)
 .text          0x0000017e        0x4 c:/program files (x86)/atmel/avr tools/avr toolchain/bin/../lib/gcc/avr/4.5.1/../../../../avr/lib/avr5/crtm328p.o
                0x0000017e                __vector_22
                0x0000017e                __vector_24
                0x0000017e                __vector_12
                0x0000017e                __bad_interrupt
                0x0000017e                __vector_6
                0x0000017e                __vector_3
                0x0000017e                __vector_23
                0x0000017e                __vector_25
                0x0000017e                __vector_11
                0x0000017e                __vector_13
                0x0000017e                __vector_17
                0x0000017e                __vector_19
                0x0000017e                __vector_7
                0x0000017e                __vector_5
                0x0000017e                __vector_4
                0x0000017e                __vector_9
                0x0000017e                __vector_2
                0x0000017e                __vector_21
                0x0000017e                __vector_15
                0x0000017e                __vector_8
                0x0000017e                __vector_14
                0x0000017e                __vector_10
                0x0000017e                __vector_18
                0x0000017e                __vector_20
 .text          0x00000182     0x26cc sdisk2.o
                0x00000182                lcd_port
                0x000001c8                lcd_cmd
                0x00000204                lcd_data
                0x0000022c                lcd_init
                0x000002ae                lcd_clear
                0x000002bc                lcd_gotoxy
                0x000002d2                lcd_char
                0x000002d8                lcd_puts
                0x000002f6                lcd_puts_p
                0x0000031a                dispStr
                0x00000360                buffClear
                0x000003c0                cancelRead
                0x0000040a                writeByteSlow
                0x00000484                writeByteFast
                0x000004b8                readByteSlow
                0x00000520                readByteFast
                0x00000560                waitFinish
                0x0000056e                cmd_
                0x000005d0                getRespSlow
                0x000005e2                getRespFast
                0x000005f4                cmdFast
                0x00000654                cmd17Fast
                0x0000066e                getFileName
                0x000006d8                findExt
                0x00000a02                prepareFat
                0x00000b64                memcp
                0x00000b84                writeSD
                0x00000c90                duplicateFat
                0x00000daa                createFile
                0x000010aa                dsk2Nic
                0x000015d4                makeFileNameList
                0x00001868                chooseANicFile
                0x00001a7e                init
                0x0000201c                check_eject
                0x000020fc                writeBackSub2
                0x00002396                writeBackSub
                0x00002434                main
                0x00002710                writeBack
 .text          0x0000284e      0x17c sub.o
                0x0000284e                wait5
                0x0000286e                __vector_16
                0x00002902                __vector_1
 .text          0x000029ca        0x0 c:/program files (x86)/atmel/avr tools/avr toolchain/bin/../lib/gcc/avr/4.5.1/avr5\libgcc.a(_udivmodhi4.o)
 .text          0x000029ca        0x0 c:/program files (x86)/atmel/avr tools/avr toolchain/bin/../lib/gcc/avr/4.5.1/avr5\libgcc.a(_divmodhi4.o)
 .text          0x000029ca        0x0 c:/program files (x86)/atmel/avr tools/avr toolchain/bin/../lib/gcc/avr/4.5.1/avr5\libgcc.a(_exit.o)
 .text          0x000029ca        0x0 c:/program files (x86)/atmel/avr tools/avr toolchain/bin/../lib/gcc/avr/4.5.1/avr5\libgcc.a(_copy_data.o)
 .text          0x000029ca        0x0 c:/program files (x86)/atmel/avr tools/avr toolchain/bin/../lib/gcc/avr/4.5.1/avr5\libgcc.a(_clear_bss.o)
 .text          0x000029ca        0x0 c:/program files (x86)/atmel/avr tools/avr toolchain/bin/../lib/gcc/avr/4.5.1/../../../../avr/lib/avr5\libc.a(memcmp.o)
                0x000029ca                . = ALIGN (0x2)
 *(.text.*)
 .text.libgcc   0x000029ca       0x28 c:/program files (x86)/atmel/avr tools/avr toolchain/bin/../lib/gcc/avr/4.5.1/avr5\libgcc.a(_udivmodhi4.o)
                0x000029ca                __udivmodhi4
 .text.libgcc   0x000029f2       0x26 c:/program files (x86)/atmel/avr tools/avr toolchain/bin/../lib/gcc/avr/4.5.1/avr5\libgcc.a(_divmodhi4.o)
                0x000029f2                _div
                0x000029f2                __divmodhi4
 .text.libgcc   0x00002a18        0x0 c:/program files (x86)/atmel/avr tools/avr toolchain/bin/../lib/gcc/avr/4.5.1/avr5\libgcc.a(_exit.o)
 .text.libgcc   0x00002a18        0x0 c:/program files (x86)/atmel/avr tools/avr toolchain/bin/../lib/gcc/avr/4.5.1/avr5\libgcc.a(_copy_data.o)
 .text.libgcc   0x00002a18        0x0 c:/program files (x86)/atmel/avr tools/avr toolchain/bin/../lib/gcc/avr/4.5.1/avr5\libgcc.a(_clear_bss.o)
 .text.avr-libc
                0x00002a18       0x1a c:/program files (x86)/atmel/avr tools/avr toolchain/bin/../lib/gcc/avr/4.5.1/../../../../avr/lib/avr5\libc.a(memcmp.o)
                0x00002a18                memcmp
                0x00002a32                . = ALIGN (0x2)
 *(.fini9)
 .fini9         0x00002a32        0x0 c:/program files (x86)/atmel/avr tools/avr toolchain/bin/../lib/gcc/avr/4.5.1/avr5\libgcc.a(_exit.o)
                0x00002a32                _exit
                0x00002a32                exit
 *(.fini9)
 *(.fini8)
 *(.fini8)
 *(.fini7)
 *(.fini7)
 *(.fini6)
 *(.fini6)
 *(.fini5)
 *(.fini5)
 *(.fini4)
 *(.fini4)
 *(.fini3)
 *(.fini3)
 *(.fini2)
 *(.fini2)
 *(.fini1)
 *(.fini1)
 *(.fini0)
 .fini0         0x00002a32        0x4 c:/program files (x86)/atmel/avr tools/avr toolchain/bin/../lib/gcc/avr/4.5.1/avr5\libgcc.a(_exit.o)
 *(.fini0)
                0x00002a36                _etext = .

.data           0x00800100       0x10 load address 0x00002a36
                0x00800100                PROVIDE (__data_start, .)
 *(.data)
 .data          0x00800100        0x0 c:/program files (x86)/atmel/avr tools/avr toolchain/bin/../lib/gcc/avr/4.5.1/../../../../avr/lib/avr5/crtm328p.o
 .data          0x00800100       0x10 sdisk2.o
                0x0080010c                volume
 .data          0x00800110        0x0 sub.o
 .data          0x00800110        0x0 c:/program files (x86)/atmel/avr tools/avr toolchain/bin/../lib/gcc/avr/4.5.1/avr5\libgcc.a(_udivmodhi4.o)
 .data          0x00800110        0x0 c:/program files (x86)/atmel/avr tools/avr toolchain/bin/../lib/gcc/avr/4.5.1/avr5\libgcc.a(_divmodhi4.o)
 .data          0x00800110        0x0 c:/program files (x86)/atmel/avr tools/avr toolchain/bin/../lib/gcc/avr/4.5.1/avr5\libgcc.a(_exit.o)
 .data          0x00800110        0x0 c:/program files (x86)/atmel/avr tools/avr toolchain/bin/../lib/gcc/avr/4.5.1/avr5\libgcc.a(_copy_data.o)
 .data          0x00800110        0x0 c:/program files (x86)/atmel/avr tools/avr toolchain/bin/../lib/gcc/avr/4.5.1/avr5\libgcc.a(_clear_bss.o)
 .data          0x00800110        0x0 c:/program files (x86)/atmel/avr tools/avr toolchain/bin/../lib/gcc/avr/4.5.1/../../../../avr/lib/avr5\libc.a(memcmp.o)
 *(.data*)
 *(.rodata)
 *(.rodata*)
 *(.gnu.linkonce.d*)
                0x00800110                . = ALIGN (0x2)
                0x00800110                _edata = .
                0x00800110                PROVIDE (__data_end, .)

.bss            0x00800110      0x752
                0x00800110                PROVIDE (__bss_start, .)
 *(.bss)
 .bss           0x00800110        0x0 c:/program files (x86)/atmel/avr tools/avr toolchain/bin/../lib/gcc/avr/4.5.1/../../../../avr/lib/avr5/crtm328p.o
 .bss           0x00800110        0x3 sdisk2.o
 .bss           0x00800113        0x0 sub.o
 .bss           0x00800113        0x0 c:/program files (x86)/atmel/avr tools/avr toolchain/bin/../lib/gcc/avr/4.5.1/avr5\libgcc.a(_udivmodhi4.o)
 .bss           0x00800113        0x0 c:/program files (x86)/atmel/avr tools/avr toolchain/bin/../lib/gcc/avr/4.5.1/avr5\libgcc.a(_divmodhi4.o)
 .bss           0x00800113        0x0 c:/program files (x86)/atmel/avr tools/avr toolchain/bin/../lib/gcc/avr/4.5.1/avr5\libgcc.a(_exit.o)
 .bss           0x00800113        0x0 c:/program files (x86)/atmel/avr tools/avr toolchain/bin/../lib/gcc/avr/4.5.1/avr5\libgcc.a(_copy_data.o)
 .bss           0x00800113        0x0 c:/program files (x86)/atmel/avr tools/avr toolchain/bin/../lib/gcc/avr/4.5.1/avr5\libgcc.a(_clear_bss.o)
 .bss           0x00800113        0x0 c:/program files (x86)/atmel/avr tools/avr toolchain/bin/../lib/gcc/avr/4.5.1/../../../../avr/lib/avr5\libc.a(memcmp.o)
 *(.bss*)
 *(COMMON)
 COMMON         0x00800113      0x74f sdisk2.o
                0x00800113                sectors
                0x00800118                sectorsPerCluster2
                0x00800119                buffNum
                0x0080011a                tracks
                0x0080011f                formatting
                0x00800120                writeData
                0x008007f6                dskDir
                0x008007f8                btfDir
                0x008007fa                bitbyte
                0x008007fc                sectorsPerFat
                0x008007fe                prevFatNumNic
                0x008007ff                sector
                0x00800800                magState
                0x00800801                userAddr
                0x00800805                fatAddr
                0x00800809                sectorsPerCluster
                0x0080080a                prevFatNumDsk
                0x0080080b                nicDir
                0x0080080d                bpbAddr
                0x00800811                ph_track
                0x00800812                prepare
                0x00800813                rootAddr
                0x00800817                writePtr
                0x00800819                fatNic
                0x0080085f                protect
                0x00800860                readPulse
                0x00800861                inited
                0x00800862                PROVIDE (__bss_end, .)
                0x00002a36                __data_load_start = LOADADDR (.data)
                0x00002a46                __data_load_end = (__data_load_start + SIZEOF (.data))

.noinit         0x00800862        0x0
                0x00800862                PROVIDE (__noinit_start, .)
 *(.noinit*)
                0x00800862                PROVIDE (__noinit_end, .)
                0x00800862                _end = .
                0x00800862                PROVIDE (__heap_start, .)

.eeprom         0x00810000        0x0
 *(.eeprom*)
                0x00810000                __eeprom_end = .

.fuse
 *(.fuse)
 *(.lfuse)
 *(.hfuse)
 *(.efuse)

.lock
 *(.lock*)

.signature
 *(.signature*)

.stab           0x00000000      0xffc
 *(.stab)
 .stab          0x00000000      0x6cc c:/program files (x86)/atmel/avr tools/avr toolchain/bin/../lib/gcc/avr/4.5.1/../../../../avr/lib/avr5/crtm328p.o
 .stab          0x000006cc      0x87c sub.o
                                0x888 (size before relaxing)
 .stab          0x00000f48       0xb4 c:/program files (x86)/atmel/avr tools/avr toolchain/bin/../lib/gcc/avr/4.5.1/../../../../avr/lib/avr5\libc.a(memcmp.o)
                                 0xc0 (size before relaxing)

.stabstr        0x00000000      0x149
 *(.stabstr)
 .stabstr       0x00000000      0x149 c:/program files (x86)/atmel/avr tools/avr toolchain/bin/../lib/gcc/avr/4.5.1/../../../../avr/lib/avr5/crtm328p.o

.stab.excl
 *(.stab.excl)

.stab.exclstr
 *(.stab.exclstr)

.stab.index
 *(.stab.index)

.stab.indexstr
 *(.stab.indexstr)

.comment
 *(.comment)

.debug
 *(.debug)

.line
 *(.line)

.debug_srcinfo
 *(.debug_srcinfo)

.debug_sfnames
 *(.debug_sfnames)

.debug_aranges  0x00000000       0x20
 *(.debug_aranges)
 .debug_aranges
                0x00000000       0x20 sdisk2.o

.debug_pubnames
                0x00000000      0x45c
 *(.debug_pubnames)
 .debug_pubnames
                0x00000000      0x45c sdisk2.o

.debug_info     0x00000000     0x1cd2
 *(.debug_info)
 .debug_info    0x00000000     0x1cd2 sdisk2.o
 *(.gnu.linkonce.wi.*)

.debug_abbrev   0x00000000      0x29e
 *(.debug_abbrev)
 .debug_abbrev  0x00000000      0x29e sdisk2.o

.debug_line     0x00000000     0x21f4
 *(.debug_line)
 .debug_line    0x00000000     0x21f4 sdisk2.o

.debug_frame    0x00000000      0x270
 *(.debug_frame)
 .debug_frame   0x00000000      0x270 sdisk2.o

.debug_str      0x00000000      0x558
 *(.debug_str)
 .debug_str     0x00000000      0x558 sdisk2.o
                                0x5b2 (size before relaxing)

.debug_loc      0x00000000     0x1d79
 *(.debug_loc)
 .debug_loc     0x00000000     0x1d79 sdisk2.o

.debug_macinfo
 *(.debug_macinfo)
OUTPUT(sdisk2.elf elf32-avr)
LOAD linker stubs

.debug_pubtypes
                0x00000000       0x55
 .debug_pubtypes
                0x00000000       0x55 sdisk2.o

.debug_ranges   0x00000000      0x178
 .debug_ranges  0x00000000      0x178 sdisk2.o

Cross Reference Table

Symbol                                            File
FlipBit                                           sdisk2.o
FlipBit1                                          sdisk2.o
FlipBit2                                          sdisk2.o
FlipBit3                                          sdisk2.o
MSG1                                              sdisk2.o
MSG2                                              sdisk2.o
MSG3                                              sdisk2.o
MSG4                                              sdisk2.o
MSG5                                              sdisk2.o
MSG6                                              sdisk2.o
MSG7                                              sdisk2.o
MSG8                                              sdisk2.o
__bad_interrupt                                   c:/program files (x86)/atmel/avr tools/avr toolchain/bin/../lib/gcc/avr/4.5.1/../../../../avr/lib/avr5/crtm328p.o
__bss_end                                         c:/program files (x86)/atmel/avr tools/avr toolchain/bin/../lib/gcc/avr/4.5.1/avr5\libgcc.a(_clear_bss.o)
__bss_start                                       c:/program files (x86)/atmel/avr tools/avr toolchain/bin/../lib/gcc/avr/4.5.1/avr5\libgcc.a(_clear_bss.o)
__data_end                                        c:/program files (x86)/atmel/avr tools/avr toolchain/bin/../lib/gcc/avr/4.5.1/avr5\libgcc.a(_copy_data.o)
__data_load_start                                 c:/program files (x86)/atmel/avr tools/avr toolchain/bin/../lib/gcc/avr/4.5.1/avr5\libgcc.a(_copy_data.o)
__data_start                                      c:/program files (x86)/atmel/avr tools/avr toolchain/bin/../lib/gcc/avr/4.5.1/avr5\libgcc.a(_copy_data.o)
__divmodhi4                                       c:/program files (x86)/atmel/avr tools/avr toolchain/bin/../lib/gcc/avr/4.5.1/avr5\libgcc.a(_divmodhi4.o)
                                                  sdisk2.o
__do_clear_bss                                    c:/program files (x86)/atmel/avr tools/avr toolchain/bin/../lib/gcc/avr/4.5.1/avr5\libgcc.a(_clear_bss.o)
                                                  sdisk2.o
__do_copy_data                                    c:/program files (x86)/atmel/avr tools/avr toolchain/bin/../lib/gcc/avr/4.5.1/avr5\libgcc.a(_copy_data.o)
                                                  sdisk2.o
__heap_end                                        c:/program files (x86)/atmel/avr tools/avr toolchain/bin/../lib/gcc/avr/4.5.1/../../../../avr/lib/avr5/crtm328p.o
__init                                            c:/program files (x86)/atmel/avr tools/avr toolchain/bin/../lib/gcc/avr/4.5.1/../../../../avr/lib/avr5/crtm328p.o
__stack                                           c:/program files (x86)/atmel/avr tools/avr toolchain/bin/../lib/gcc/avr/4.5.1/../../../../avr/lib/avr5/crtm328p.o
__udivmodhi4                                      c:/program files (x86)/atmel/avr tools/avr toolchain/bin/../lib/gcc/avr/4.5.1/avr5\libgcc.a(_udivmodhi4.o)
                                                  c:/program files (x86)/atmel/avr tools/avr toolchain/bin/../lib/gcc/avr/4.5.1/avr5\libgcc.a(_divmodhi4.o)
                                                  sdisk2.o
__vector_1                                        sub.o
                                                  c:/program files (x86)/atmel/avr tools/avr toolchain/bin/../lib/gcc/avr/4.5.1/../../../../avr/lib/avr5/crtm328p.o
__vector_10                                       c:/program files (x86)/atmel/avr tools/avr toolchain/bin/../lib/gcc/avr/4.5.1/../../../../avr/lib/avr5/crtm328p.o
__vector_11                                       c:/program files (x86)/atmel/avr tools/avr toolchain/bin/../lib/gcc/avr/4.5.1/../../../../avr/lib/avr5/crtm328p.o
__vector_12                                       c:/program files (x86)/atmel/avr tools/avr toolchain/bin/../lib/gcc/avr/4.5.1/../../../../avr/lib/avr5/crtm328p.o
__vector_13                                       c:/program files (x86)/atmel/avr tools/avr toolchain/bin/../lib/gcc/avr/4.5.1/../../../../avr/lib/avr5/crtm328p.o
__vector_14                                       c:/program files (x86)/atmel/avr tools/avr toolchain/bin/../lib/gcc/avr/4.5.1/../../../../avr/lib/avr5/crtm328p.o
__vector_15                                       c:/program files (x86)/atmel/avr tools/avr toolchain/bin/../lib/gcc/avr/4.5.1/../../../../avr/lib/avr5/crtm328p.o
__vector_16                                       sub.o
                                                  c:/program files (x86)/atmel/avr tools/avr toolchain/bin/../lib/gcc/avr/4.5.1/../../../../avr/lib/avr5/crtm328p.o
__vector_17                                       c:/program files (x86)/atmel/avr tools/avr toolchain/bin/../lib/gcc/avr/4.5.1/../../../../avr/lib/avr5/crtm328p.o
__vector_18                                       c:/program files (x86)/atmel/avr tools/avr toolchain/bin/../lib/gcc/avr/4.5.1/../../../../avr/lib/avr5/crtm328p.o
__vector_19                                       c:/program files (x86)/atmel/avr tools/avr toolchain/bin/../lib/gcc/avr/4.5.1/../../../../avr/lib/avr5/crtm328p.o
__vector_2                                        c:/program files (x86)/atmel/avr tools/avr toolchain/bin/../lib/gcc/avr/4.5.1/../../../../avr/lib/avr5/crtm328p.o
__vector_20                                       c:/program files (x86)/atmel/avr tools/avr toolchain/bin/../lib/gcc/avr/4.5.1/../../../../avr/lib/avr5/crtm328p.o
__vector_21                                       c:/program files (x86)/atmel/avr tools/avr toolchain/bin/../lib/gcc/avr/4.5.1/../../../../avr/lib/avr5/crtm328p.o
__vector_22                                       c:/program files (x86)/atmel/avr tools/avr toolchain/bin/../lib/gcc/avr/4.5.1/../../../../avr/lib/avr5/crtm328p.o
__vector_23                                       c:/program files (x86)/atmel/avr tools/avr toolchain/bin/../lib/gcc/avr/4.5.1/../../../../avr/lib/avr5/crtm328p.o
__vector_24                                       c:/program files (x86)/atmel/avr tools/avr toolchain/bin/../lib/gcc/avr/4.5.1/../../../../avr/lib/avr5/crtm328p.o
__vector_25                                       c:/program files (x86)/atmel/avr tools/avr toolchain/bin/../lib/gcc/avr/4.5.1/../../../../avr/lib/avr5/crtm328p.o
__vector_3                                        c:/program files (x86)/atmel/avr tools/avr toolchain/bin/../lib/gcc/avr/4.5.1/../../../../avr/lib/avr5/crtm328p.o
__vector_4                                        c:/program files (x86)/atmel/avr tools/avr toolchain/bin/../lib/gcc/avr/4.5.1/../../../../avr/lib/avr5/crtm328p.o
__vector_5                                        c:/program files (x86)/atmel/avr tools/avr toolchain/bin/../lib/gcc/avr/4.5.1/../../../../avr/lib/avr5/crtm328p.o
__vector_6                                        c:/program files (x86)/atmel/avr tools/avr toolchain/bin/../lib/gcc/avr/4.5.1/../../../../avr/lib/avr5/crtm328p.o
__vector_7                                        c:/program files (x86)/atmel/avr tools/avr toolchain/bin/../lib/gcc/avr/4.5.1/../../../../avr/lib/avr5/crtm328p.o
__vector_8                                        c:/program files (x86)/atmel/avr tools/avr toolchain/bin/../lib/gcc/avr/4.5.1/../../../../avr/lib/avr5/crtm328p.o
__vector_9                                        c:/program files (x86)/atmel/avr tools/avr toolchain/bin/../lib/gcc/avr/4.5.1/../../../../avr/lib/avr5/crtm328p.o
__vector_default                                  c:/program files (x86)/atmel/avr tools/avr toolchain/bin/../lib/gcc/avr/4.5.1/../../../../avr/lib/avr5/crtm328p.o
__vectors                                         c:/program files (x86)/atmel/avr tools/avr toolchain/bin/../lib/gcc/avr/4.5.1/../../../../avr/lib/avr5/crtm328p.o
_div                                              c:/program files (x86)/atmel/avr tools/avr toolchain/bin/../lib/gcc/avr/4.5.1/avr5\libgcc.a(_divmodhi4.o)
_exit                                             c:/program files (x86)/atmel/avr tools/avr toolchain/bin/../lib/gcc/avr/4.5.1/avr5\libgcc.a(_exit.o)
bitByte                                           sub.o
bitbyte                                           sub.o
                                                  sdisk2.o
bpbAddr                                           sdisk2.o
btfDir                                            sdisk2.o
buffClear                                         sdisk2.o
buffNum                                           sdisk2.o
cancelRead                                        sdisk2.o
check_eject                                       sdisk2.o
chooseANicFile                                    sdisk2.o
cmd17Fast                                         sdisk2.o
cmdFast                                           sdisk2.o
cmd_                                              sdisk2.o
createFile                                        sdisk2.o
dispStr                                           sdisk2.o
dsk2Nic                                           sdisk2.o
dskDir                                            sdisk2.o
duplicateFat                                      sdisk2.o
encTable                                          sdisk2.o
exit                                              c:/program files (x86)/atmel/avr tools/avr toolchain/bin/../lib/gcc/avr/4.5.1/avr5\libgcc.a(_exit.o)
                                                  c:/program files (x86)/atmel/avr tools/avr toolchain/bin/../lib/gcc/avr/4.5.1/../../../../avr/lib/avr5/crtm328p.o
fatAddr                                           sdisk2.o
fatNic                                            sdisk2.o
findExt                                           sdisk2.o
formatting                                        sdisk2.o
getFileName                                       sdisk2.o
getRespFast                                       sdisk2.o
getRespSlow                                       sdisk2.o
init                                              sdisk2.o
inited                                            sdisk2.o
lcd_char                                          sdisk2.o
lcd_clear                                         sdisk2.o
lcd_cmd                                           sdisk2.o
lcd_data                                          sdisk2.o
lcd_gotoxy                                        sdisk2.o
lcd_init                                          sdisk2.o
lcd_port                                          sdisk2.o
lcd_puts                                          sdisk2.o
lcd_puts_p                                        sdisk2.o
magState                                          sub.o
                                                  sdisk2.o
main                                              sdisk2.o
                                                  c:/program files (x86)/atmel/avr tools/avr toolchain/bin/../lib/gcc/avr/4.5.1/../../../../avr/lib/avr5/crtm328p.o
makeFileNameList                                  sdisk2.o
memcmp                                            c:/program files (x86)/atmel/avr tools/avr toolchain/bin/../lib/gcc/avr/4.5.1/../../../../avr/lib/avr5\libc.a(memcmp.o)
                                                  sdisk2.o
memcp                                             sdisk2.o
nicDir                                            sdisk2.o
ph_track                                          sdisk2.o
physicalSector                                    sdisk2.o
prepare                                           sub.o
                                                  sdisk2.o
prepareFat                                        sdisk2.o
prevFatNumDsk                                     sdisk2.o
prevFatNumNic                                     sdisk2.o
protect                                           sub.o
                                                  sdisk2.o
readByteFast                                      sdisk2.o
readByteSlow                                      sdisk2.o
readPulse                                         sub.o
                                                  sdisk2.o
rootAddr                                          sdisk2.o
sector                                            sub.o
                                                  sdisk2.o
sectors                                           sdisk2.o
sectorsPerCluster                                 sdisk2.o
sectorsPerCluster2                                sdisk2.o
sectorsPerFat                                     sdisk2.o
stepper_table                                     sdisk2.o
tracks                                            sdisk2.o
userAddr                                          sdisk2.o
volume                                            sdisk2.o
wait5                                             sub.o
                                                  sdisk2.o
waitFinish                                        sdisk2.o
writeBack                                         sdisk2.o
                                                  sub.o
writeBackSub                                      sdisk2.o
writeBackSub2                                     sdisk2.o
writeByteFast                                     sdisk2.o
writeByteSlow                                     sdisk2.o
writeData                                         sub.o
                                                  sdisk2.o
writePtr                                          sub.o
                                                  sdisk2.o
writeSD                                           sdisk2.o
